// Jest Snapshot v1, https://goo.gl/fbAQLP

exports[`MovieItem renders correctly 1`] = `
<div
  class="w-full md:w-1/2 lg:w-1/3 xl:w-1/4 py-4 md:p-4"
>
  <div
    class="relative inline-block align-bottom poster rounded-lg text-left overflow-hidden shadow-lg hover:shadow-xl transform transition-all align-middle h-poster max-w-lg w-full"
  >
    <div
      class="absolute bottom-0 top-0 left-0 right-0 h-full"
    >
      <div
        class="bg-gradient-to-t from-blueGray-700 to-transparent flex flex-col justify-end h-full"
      >
        <div
          class="p-4"
        >
          <p
            class="text-lg text-cyan-100"
          >
            
            Louise's Waterworld
          
          </p>
           
          <div
            class="flex justify-between items-end"
          >
            <p
              class="mt-4 px-2 text-sm inline-flex leading-5 rounded-full bg-cyan-100 text-cyan-600"
            >
              
              1997
            
            </p>
             
            <p
              class="text-xs text-blueGray-200 uppercase"
            >
              
              tt0298417
            
            </p>
          </div>
        </div>
      </div>
    </div>
     
    <div
      class="absolute top-0 right-0 pt-3 pr-3"
    >
      <div
        class="flex justify-end items-center"
      >
        <button
          class="inline-flex items-center mr-2 px-2 py-2 rounded shadow-lg text-sm focus:outline-none bg-gradient-to-r from-blueGray-700 to-blueGray-600 text-primary hover:text-primary-light"
          type="button"
        >
          <svg
            class="w-4"
            fill="currentColor"
            viewBox="0 0 20 20"
            xmlns="http://www.w3.org/2000/svg"
          >
            <path
              clip-rule="evenodd"
              d="M3.172 5.172a4 4 0 015.656 0L10 6.343l1.172-1.171a4 4 0 115.656 5.656L10 17.657l-6.828-6.829a4 4 0 010-5.656z"
              fill-rule="evenodd"
            />
          </svg>
        </button>
         
        <a
          class="inline-flex items-center px-2 py-2 rounded shadow-lg text-sm focus:outline-none bg-gradient-to-r from-blueGray-700 to-blueGray-600 text-blueGray-400 hover:text-primary"
          href="https://www.imdb.com/title/tt0298417/"
          target="blank"
        >
          <svg
            class="w-4"
            fill="none"
            stroke="currentColor"
            viewBox="0 0 24 24"
            xmlns="http://www.w3.org/2000/svg"
          >
            <path
              d="M10 6H6a2 2 0 00-2 2v10a2 2 0 002 2h10a2 2 0 002-2v-4M14 4h6m0 0v6m0-6L10 14"
              stroke-linecap="round"
              stroke-linejoin="round"
              stroke-width="2"
            />
          </svg>
        </a>
      </div>
    </div>
  </div>
</div>
`;
